mktextfm SimSun
mktextfm FandolSong/OT
mktextfm FandolSong/OT
mktextfm FandolSong/OT
mktextfm FandolSong/BI/OT
mktextfm FandolSong/OT
mktextfm FandolSong/B/OT
mktextfm FandolSong/OT
mktextfm FandolSong/I/OT
mktextfm FandolSong/OT
mktextfm FandolSong/OT
mktextfm NotoSerifCJKsc-Regular/OT
mktextfm NotoSerifCJKsc-Regular/OT
mktextfm NotoSerifCJKsc-Regular/OT
mktextfm NotoSerifCJKsc-Regular/BI/OT
mktextfm NotoSerifCJKsc-Regular/OT
mktextfm NotoSerifCJKsc-Regular/B/OT
mktextfm NotoSerifCJKsc-Regular/OT
mktextfm NotoSerifCJKsc-Regular/I/OT
mktextfm NotoSerifCJKsc-Regular/OT
mktextfm NotoSerifCJKsc-Regular/OT
mktextfm NotoSerifCJKsc-Regular
mktextfm NotoSerifCJKsc-Regular
mktextfm NotoSerifCJKsc-Regular
mktextfm NotoSerifCJKsc-Regular/BI
mktextfm NotoSerifCJKsc-Regular
mktextfm NotoSerifCJKsc-Regular/B
mktextfm NotoSerifCJKsc-Regular
mktextfm NotoSerifCJKsc-Regular/I
mktextfm NotoSerifCJKsc-Regular
mktextfm NotoSerifCJKsc-Regular
mktextfm NotoSerifCJKsc-Regular
mktextfm NotoSerifCJKsc-Regular
mktextfm NotoSerifCJKsc-Regular
mktextfm NotoSerifCJKsc-Regular
mktextfm NotoSerifCJKsc-Regular
mktextfm NotoSerifCJKsc-Regular/OT
mktextfm NotoSerifCJKsc-Regular/OT
mktextfm NotoSerifCJKsc-Regular
mktextfm NotoSerifCJKsc-Regular/OT
mktextfm NotoSerifCJKsc-Regular
mktextfm NotoSerifCJKsc-Regular
mktextfm SimSun
mktextfm FandolSong/OT
mktextfm FandolSong/OT
mktextfm FandolSong/OT
mktextfm FandolSong/BI/OT
mktextfm FandolSong/OT
mktextfm FandolSong/B/OT
mktextfm FandolSong/OT
mktextfm FandolSong/I/OT
mktextfm FandolSong/OT
mktextfm FandolSong/OT
mktextfm NotoSerifCJKsc-Regular/OT
mktextfm NotoSerifCJKsc-Regular/OT
mktextfm NotoSerifCJKsc-Regular/OT
mktextfm NotoSerifCJKsc-Regular/BI/OT
mktextfm NotoSerifCJKsc-Regular/OT
mktextfm NotoSerifCJKsc-Regular/B/OT
mktextfm NotoSerifCJKsc-Regular/OT
mktextfm NotoSerifCJKsc-Regular/I/OT
mktextfm NotoSerifCJKsc-Regular/OT
mktextfm NotoSerifCJKsc-Regular/OT
mktextfm NotoSerifCJKsc-Regular
mktextfm NotoSerifCJKsc-Regular
mktextfm NotoSerifCJKsc-Regular
mktextfm NotoSerifCJKsc-Regular/BI
mktextfm NotoSerifCJKsc-Regular
mktextfm NotoSerifCJKsc-Regular/B
mktextfm NotoSerifCJKsc-Regular
mktextfm NotoSerifCJKsc-Regular/I
mktextfm NotoSerifCJKsc-Regular
mktextfm NotoSerifCJKsc-Regular
mktextfm NotoSerifCJKsc-Regular
mktextfm NotoSerifCJKsc-Regular
mktextfm NotoSerifCJKsc-Regular
mktextfm NotoSerifCJKsc-Regular
mktextfm NotoSerifCJKsc-Regular
mktextfm NotoSerifCJKsc-Regular/OT
mktextfm NotoSerifCJKsc-Regular/OT
mktextfm NotoSerifCJKsc-Regular
mktextfm NotoSerifCJKsc-Regular/OT
mktextfm NotoSerifCJKsc-Regular
mktextfm NotoSerifCJKsc-Regular
mktextfm SimSun
mktextfm FandolSong/OT
mktextfm FandolSong/OT
mktextfm FandolSong/OT
mktextfm FandolSong/BI/OT
mktextfm FandolSong/OT
mktextfm FandolSong/B/OT
mktextfm FandolSong/OT
mktextfm FandolSong/I/OT
mktextfm FandolSong/OT
mktextfm FandolSong/OT
mktextfm NotoSerifCJKsc-Regular/OT
mktextfm NotoSerifCJKsc-Regular/OT
mktextfm NotoSerifCJKsc-Regular/OT
mktextfm NotoSerifCJKsc-Regular/BI/OT
mktextfm NotoSerifCJKsc-Regular/OT
mktextfm NotoSerifCJKsc-Regular/B/OT
mktextfm NotoSerifCJKsc-Regular/OT
mktextfm NotoSerifCJKsc-Regular/I/OT
mktextfm NotoSerifCJKsc-Regular/OT
mktextfm NotoSerifCJKsc-Regular/OT
mktextfm NotoSerifCJKsc-Regular
mktextfm NotoSerifCJKsc-Regular
mktextfm NotoSerifCJKsc-Regular
mktextfm NotoSerifCJKsc-Regular/BI
mktextfm NotoSerifCJKsc-Regular
mktextfm NotoSerifCJKsc-Regular/B
mktextfm NotoSerifCJKsc-Regular
mktextfm NotoSerifCJKsc-Regular/I
mktextfm NotoSerifCJKsc-Regular
mktextfm NotoSerifCJKsc-Regular
mktextfm NotoSerifCJKsc-Regular
mktextfm NotoSerifCJKsc-Regular
mktextfm NotoSansCJKsc-Regular/OT
mktextfm NotoSansCJKsc-Regular/OT
mktextfm NotoSansCJKsc-Regular/OT
mktextfm NotoSansCJKsc-Regular/BI/OT
mktextfm NotoSansCJKsc-Regular/OT
mktextfm NotoSansCJKsc-Regular/B/OT
mktextfm NotoSansCJKsc-Regular/OT
mktextfm NotoSansCJKsc-Regular/I/OT
mktextfm NotoSansCJKsc-Regular/OT
mktextfm NotoSansCJKsc-Regular/OT
mktextfm NotoSansCJKsc-Regular/OT
mktextfm NotoSansCJKsc-Regular/OT
mktextfm NotoSerifCJKsc-Regular/OT
mktextfm NotoSerifCJKsc-Regular
mktextfm NotoSerifCJKsc-Regular/OT
mktextfm NotoSansCJKsc-Regular/OT
mktextfm NotoSansCJKsc-Regular/OT
mktextfm NotoSerifCJKsc-Regular/OT
mktextfm NotoSerifCJKsc-Regular/OT
mktextfm NotoSerifCJKsc-Regular/OT
mktextfm NotoSerifCJKsc-Regular/BI/OT
mktextfm NotoSerifCJKsc-Regular/OT
mktextfm NotoSerifCJKsc-Regular/B/OT
mktextfm NotoSerifCJKsc-Regular/OT
mktextfm NotoSerifCJKsc-Regular/I/OT
mktextfm NotoSerifCJKsc-Regular/OT
mktextfm NotoSerifCJKsc-Regular/OT
mktextfm NotoSerifCJKsc-Regular
mktextfm NotoSerifCJKsc-Regular
mktextfm NotoSerifCJKsc-Regular
mktextfm NotoSerifCJKsc-Regular/BI
mktextfm NotoSerifCJKsc-Regular
mktextfm NotoSerifCJKsc-Regular/B
mktextfm NotoSerifCJKsc-Regular
mktextfm NotoSerifCJKsc-Regular/I
mktextfm NotoSerifCJKsc-Regular
mktextfm NotoSerifCJKsc-Regular
mktextfm NotoSerifCJKsc-Regular
mktextfm NotoSerifCJKsc-Regular
mktextfm NotoSansCJKsc-Regular/OT
mktextfm NotoSansCJKsc-Regular/OT
mktextfm NotoSansCJKsc-Regular/OT
mktextfm NotoSansCJKsc-Regular/BI/OT
mktextfm NotoSansCJKsc-Regular/OT
mktextfm NotoSansCJKsc-Regular/B/OT
mktextfm NotoSansCJKsc-Regular/OT
mktextfm NotoSansCJKsc-Regular/I/OT
mktextfm NotoSansCJKsc-Regular/OT
mktextfm NotoSansCJKsc-Regular/OT
mktextfm NotoSansCJKsc-Regular/OT
mktextfm NotoSansCJKsc-Regular/OT
mktextfm NotoSerifCJKsc-Regular/OT
mktextfm NotoSerifCJKsc-Regular
mktextfm NotoSerifCJKsc-Regular/OT
mktextfm NotoSansCJKsc-Regular/OT
mktextfm NotoSansCJKsc-Regular/OT
mktextfm NotoSerifCJKsc-Regular/OT
mktextfm NotoSerifCJKsc-Regular/OT
mktextfm NotoSerifCJKsc-Regular/OT
mktextfm NotoSerifCJKsc-Regular/BI/OT
mktextfm NotoSerifCJKsc-Regular/OT
mktextfm NotoSerifCJKsc-Regular/B/OT
mktextfm NotoSerifCJKsc-Regular/OT
mktextfm NotoSerifCJKsc-Regular/I/OT
mktextfm NotoSerifCJKsc-Regular/OT
mktextfm NotoSerifCJKsc-Regular/OT
mktextfm NotoSerifCJKsc-Regular
mktextfm NotoSerifCJKsc-Regular
mktextfm NotoSerifCJKsc-Regular
mktextfm NotoSerifCJKsc-Regular/BI
mktextfm NotoSerifCJKsc-Regular
mktextfm NotoSerifCJKsc-Regular/B
mktextfm NotoSerifCJKsc-Regular
mktextfm NotoSerifCJKsc-Regular/I
mktextfm NotoSerifCJKsc-Regular
mktextfm NotoSerifCJKsc-Regular
mktextfm NotoSerifCJKsc-Regular
mktextfm NotoSerifCJKsc-Regular
mktextfm NotoSansCJKsc-Regular/OT
mktextfm NotoSansCJKsc-Regular/OT
mktextfm NotoSansCJKsc-Regular/OT
mktextfm NotoSansCJKsc-Regular/BI/OT
mktextfm NotoSansCJKsc-Regular/OT
mktextfm NotoSansCJKsc-Regular/B/OT
mktextfm NotoSansCJKsc-Regular/OT
mktextfm NotoSansCJKsc-Regular/I/OT
mktextfm NotoSansCJKsc-Regular/OT
mktextfm NotoSansCJKsc-Regular/OT
mktextfm NotoSansCJKsc-Regular/OT
mktextfm NotoSansCJKsc-Regular/OT
mktextfm NotoSerifCJKsc-Regular/OT
mktextfm NotoSerifCJKsc-Regular
mktextfm NotoSerifCJKsc-Regular/OT
mktextfm NotoSansCJKsc-Regular/OT
mktextfm NotoSansCJKsc-Regular/OT
